../Core/Src/main.c:73:6:led_task	24	static
../Core/Src/main.c:84:6:button_task	8	static
../Core/Src/main.c:95:6:uart_task	24	static
../Core/Src/main.c:111:6:HAL_UART_TxCpltCallback	24	static,ignoring_inline_asm
../Core/Src/main.c:128:5:main	48	static
../Core/Src/main.c:211:6:SystemClock_Config	88	static
../Core/Src/main.c:257:13:MX_LPUART1_UART_Init	8	static
../Core/Src/main.c:304:13:MX_GPIO_Init	40	static
../Core/Src/main.c:342:6:HAL_GPIO_EXITI_Callback	24	static,ignoring_inline_asm
../Core/Src/main.c:361:6:StartDefaultTask	16	static
../Core/Src/main.c:380:6:HAL_TIM_PeriodElapsedCallback	16	static
../Core/Src/main.c:398:6:Error_Handler	4	static,ignoring_inline_asm
