../Core/Src/main.c:69:6:led_task	24	static
../Core/Src/main.c:78:6:button_task	8	static
../Core/Src/main.c:90:5:main	48	static
../Core/Src/main.c:170:6:SystemClock_Config	88	static
../Core/Src/main.c:217:13:MX_LPUART1_UART_Init	8	static
../Core/Src/main.c:264:13:MX_GPIO_Init	40	static
../Core/Src/main.c:292:6:HAL_GPIO_EXITI_Callback	24	static,ignoring_inline_asm
../Core/Src/main.c:311:6:StartDefaultTask	16	static
../Core/Src/main.c:330:6:HAL_TIM_PeriodElapsedCallback	16	static
../Core/Src/main.c:348:6:Error_Handler	4	static,ignoring_inline_asm
