../Core/Src/main.c:110:6:led_task	24	static
../Core/Src/main.c:120:6:button_task	16	static
../Core/Src/main.c:144:6:uart_task	144	static
../Core/Src/main.c:170:6:ecg_task	16	static
../Core/Src/main.c:182:6:add_to_ecg_buffer	16	static
../Core/Src/main.c:193:6:HAL_UART_TxCpltCallback	24	static,ignoring_inline_asm
../Core/Src/main.c:200:6:HAL_ADC_ConvCpltCallback	32	static,ignoring_inline_asm
../Core/Src/main.c:222:5:main	16	static
../Core/Src/main.c:309:6:SystemClock_Config	88	static
../Core/Src/main.c:355:13:MX_ADC1_Init	56	static
../Core/Src/main.c:423:13:MX_LPUART1_UART_Init	8	static
../Core/Src/main.c:470:13:MX_TIM3_Init	40	static
../Core/Src/main.c:513:13:MX_DMA_Init	16	static
../Core/Src/main.c:532:13:MX_GPIO_Init	40	static
../Core/Src/main.c:570:6:HAL_GPIO_EXTI_Callback	24	static,ignoring_inline_asm
../Core/Src/main.c:598:6:HAL_TIM_PeriodElapsedCallback	24	static,ignoring_inline_asm
../Core/Src/main.c:621:6:Error_Handler	4	static,ignoring_inline_asm
